// Jest Snapshot v1, https://goo.gl/fbAQLP

exports[`loader executes callback with received content 1`] = `
"module.exports = { message: 'Hello!' }
"
`;
